
Clover EFI installer log - Thu Oct 18 05:17:48 PDT 2018
Installer version: v2.4k r4658 EFI bootloader
======================================================
/dev/disk0 (internal, physical):
   #:                       TYPE NAME                    SIZE       IDENTIFIER
   0:      GUID_partition_scheme                        *500.1 GB   disk0
   1:                        EFI EFI                     209.7 MB   disk0s1
   2:                  Apple_HFS macOS HDD               100.0 GB   disk0s2
   3:                 Apple_Boot Recovery HD             650.0 MB   disk0s3
   4:                  Apple_HFS Data                    348.8 GB   disk0s4
   5:       Microsoft Basic Data                         50.5 GB    disk0s5

/dev/disk1 (external, physical):
   #:                       TYPE NAME                    SIZE       IDENTIFIER
   0:      GUID_partition_scheme                        *7.8 GB     disk1
   1:                        EFI EFI                     209.7 MB   disk1s1
   2:                  Apple_HFS Install macOS High S... 7.4 GB     disk1s2

======================================================
Backing up EFI files

Backing up stage2 file /Volumes/macOS HDD/EFIROOTDIR/boot  to /Volumes/macOS HDD/EFI-Backups/r4114/2018-10-18-05h17/boot
Backing up /Volumes/macOS HDD/EFIROOTDIR/EFI folder to /Volumes/macOS HDD/EFI-Backups/r4114/2018-10-18-05h17/EFI
No Active Partition

Stage 0 - Writing boot0af to /dev/rdisk0
dd if=/dev/rdisk0 count=1 bs=512 of=/tmp/origMBR
cp /tmp/origMBR /tmp/newMBR
dd if=//usr/standalone/i386/boot0af of=/tmp/newMBR bs=440 count=1 conv=notrunc
fdisk -f /tmp/newMBR -u -y /dev/rdisk0

Stage 1 - Writing boot1f32 to /dev/rdisk0s1
dd if=/dev/rdisk0s1 count=1 bs=512 of=/tmp/origbs
boot volume format is FAT32
cp /tmp/boot1f32 /tmp/newbs
dd if=/tmp/origbs of=/tmp/newbs skip=3 seek=3 bs=1 count=87 conv=notrunc
dd if=/tmp/newbs of=/dev/rdisk0s1

Stage 2 - Written boot6 (x64) to /Volumes/ESP/boot

======================================================
=========== Clover EFI Installation Finish ===========
======================================================
